main.c:121:5:main	32	static
main.c:268:6:SystemClock_Config	80	static
main.c:305:13:MX_I2C2_Init	8	static
main.c:339:13:MX_USART1_UART_Init	8	static
main.c:372:13:MX_GPIO_Init	48	static
main.c:418:6:HAL_GPIO_EXTI_Callback	16	static,ignoring_inline_asm
main.c:429:6:get_sleep	8	static
main.c:436:6:blink	24	static
main.c:444:6:HAL_UART_RxCpltCallback	16	static
main.c:451:6:HAL_UART_TxCpltCallback	16	static,ignoring_inline_asm
main.c:476:6:get_volt_and_chargerStatus	56	dynamic
main.c:530:6:Error_Handler	4	static
